login {"s":200,"tok":true}
== files {
 "count": 0,
 "pageHTML": 3817,
 "out": []
}
== discover {
 "count": 24,
 "pageHTML": 54407,
 "out": [
  {
   "src": "/api/thumb/26b114e2b8fa?v=3",
   "nw": 375,
   "nh": 375,
   "avg": [
    198,
    200,
    203
   ]
  },
  {
   "src": "/api/thumb/a690d890a3c4?v=3",
   "nw": 375,
   "nh": 375,
   "avg": [
    196,
    198,
    201
   ]
  },
  {
   "src": "/api/thumb/854814769a18?v=3",
   "nw": 375,
   "nh": 375,
   "avg": [
    196,
    198,
    201
   ]
  },
  {
   "src": "/api/thumb/f9c1f19fe6b5?v=3",
   "nw": 375,
   "nh": 375,
   "avg": [
    211,
    213,
    217
   ]
  },
  {
   "src": "/api/thumb/0e8830ce55ab?v=3",
   "nw": 375,
   "nh": 375,
   "avg": [
    211,
    213,
    217
   ]
  },
  {
   "src": "/api/thumb/b47d4db3506a?v=3",
   "nw": 375,
   "nh": 375,
   "avg": [
    203,
    205,
    208
   ]
  },
  {
   "src": "/api/thumb/54f1ff0611c7?v=3",
   "nw": 375,
   "nh": 375,
   "avg": [
    202,
    204,
    208
   ]
  },
  {
   "src": "/api/thumb/58a080787a4e?v=3",
   "nw": 375,
   "nh": 375,
   "avg": [
    171,
    173,
    176
   ]
  },
  {
   "src": "/api/thumb/fc03332c5ce5?v=3",
   "nw": 375,
   "nh": 375,
   "avg": [
    169,
    171,
    175
   ]
  },
  {
   "src": "/api/thumb/dd6e3f82e3cd?v=3",
   "nw": 375,
   "nh": 375,
   "avg": [
    198,
    200,
    203
   ]
  }
 ]
}
== konto {
 "count": 0,
 "pageHTML": 5560,
 "out": []
}
